// Jest Snapshot v1, https://goo.gl/fbAQLP

exports[`DataTable rendering renders clickable row 1`] = `
<div
  className="DataTable"
  id="test"
  tabIndex="-1"
>
  <table
    className="DataTable__table DataTable--line DataTable--clickable"
    id="test-table"
    role="grid"
  >
    <col
      width="10px"
    />
    <col
      width="10px"
    />
    <col
      width="10px"
    />
    <thead
      onClick={[Function]}
    >
      <tr>
        <th
          aria-sort="none"
        >
          <button
            className="DataTable__sort"
            data-column="time"
            type="button"
          >
            <div
              className="DataTable__sortLabel"
            >
              TIME
            </div>
            <SvgIcon
              className="DataTable__sortIcon"
              icon={
                Object {
                  "icon": Array [],
                  "iconName": "sort",
                  "prefix": "fas",
                }
              }
            />
          </button>
        </th>
        <th
          aria-sort="none"
        >
          <button
            className="DataTable__sort"
            data-column="source"
            type="button"
          >
            <div
              className="DataTable__sortLabel"
            >
              SOURCE
            </div>
            <SvgIcon
              className="DataTable__sortIcon"
              icon={
                Object {
                  "icon": Array [],
                  "iconName": "sort",
                  "prefix": "fas",
                }
              }
            />
          </button>
        </th>
        <th>
          SITE
        </th>
      </tr>
    </thead>
    <tbody
      onClick={[Function]}
      onKeyDown={[Function]}
      onKeyUp={[Function]}
      onMouseDown={[Function]}
    >
      <tr
        aria-selected={false}
        className=""
        data-index={0}
        id="r0"
        tabIndex={-1}
      >
        <td
          className={null}
          title=""
        >
          2
        </td>
        <td
          className={null}
          title=""
        >
          a1
        </td>
        <td
          className="TestClass0"
          title="site4"
        >
          site4
        </td>
      </tr>
      <tr
        aria-selected={false}
        className=""
        data-index={1}
        id="r1"
        tabIndex={-1}
      >
        <td
          className={null}
          title=""
        >
          1
        </td>
        <td
          className={null}
          title=""
        >
          a10
        </td>
        <td
          className="TestClass1"
          title="site3"
        >
          site3
        </td>
      </tr>
      <tr
        aria-selected={false}
        className=""
        data-index={2}
        id="r2"
        tabIndex={-1}
      >
        <td
          className={null}
          title=""
        >
          1
        </td>
        <td
          className={null}
          title=""
        >
          b10
        </td>
        <td
          className="TestClass2"
          title="site5"
        >
          site5
        </td>
      </tr>
      <tr
        aria-selected={false}
        className=""
        data-index={3}
        id="r3"
        tabIndex={-1}
      >
        <td
          className={null}
          title=""
        >
          4
        </td>
        <td
          className={null}
          title=""
        >
          a1
        </td>
        <td
          className="TestClass3"
          title="site2"
        >
          site2
        </td>
      </tr>
      <tr
        aria-selected={false}
        className=""
        data-index={4}
        id="r4"
        tabIndex={-1}
      >
        <td
          className={null}
          title=""
        >
          3
        </td>
        <td
          className={null}
          title=""
        >
          A1
        </td>
        <td
          className="TestClass4"
          title="site1"
        >
          site1
        </td>
      </tr>
    </tbody>
  </table>
</div>
`;

exports[`DataTable rendering renders focused row 1`] = `
<div
  className="DataTable"
  id="test"
  tabIndex="-1"
>
  <table
    className="DataTable__table DataTable--line"
    id="test-table"
    role="grid"
  >
    <col
      width="10px"
    />
    <col
      width="10px"
    />
    <col
      width="10px"
    />
    <thead
      onClick={[Function]}
    >
      <tr>
        <th
          aria-sort="none"
        >
          <button
            className="DataTable__sort"
            data-column="time"
            type="button"
          >
            <div
              className="DataTable__sortLabel"
            >
              TIME
            </div>
            <SvgIcon
              className="DataTable__sortIcon"
              icon={
                Object {
                  "icon": Array [],
                  "iconName": "sort",
                  "prefix": "fas",
                }
              }
            />
          </button>
        </th>
        <th
          aria-sort="none"
        >
          <button
            className="DataTable__sort"
            data-column="source"
            type="button"
          >
            <div
              className="DataTable__sortLabel"
            >
              SOURCE
            </div>
            <SvgIcon
              className="DataTable__sortIcon"
              icon={
                Object {
                  "icon": Array [],
                  "iconName": "sort",
                  "prefix": "fas",
                }
              }
            />
          </button>
        </th>
        <th>
          SITE
        </th>
      </tr>
    </thead>
    <tbody
      onClick={null}
      onKeyDown={null}
      onKeyUp={null}
      onMouseDown={null}
    >
      <tr
        aria-selected={false}
        className=""
        data-index={0}
        id="id"
        tabIndex={0}
      >
        <td
          className={null}
          title=""
        >
          10
        </td>
        <td
          className={null}
          title=""
        >
          a4
        </td>
        <td
          className="TestClass0"
          title="site"
        >
          site
        </td>
      </tr>
    </tbody>
  </table>
</div>
`;

exports[`DataTable rendering renders highlighted row 1`] = `
<div
  className="DataTable"
  id="test"
  tabIndex="-1"
>
  <table
    className="DataTable__table DataTable--line"
    id="test-table"
    role="grid"
  >
    <col
      width="10px"
    />
    <col
      width="10px"
    />
    <col
      width="10px"
    />
    <thead
      onClick={[Function]}
    >
      <tr>
        <th
          aria-sort="none"
        >
          <button
            className="DataTable__sort"
            data-column="time"
            type="button"
          >
            <div
              className="DataTable__sortLabel"
            >
              TIME
            </div>
            <SvgIcon
              className="DataTable__sortIcon"
              icon={
                Object {
                  "icon": Array [],
                  "iconName": "sort",
                  "prefix": "fas",
                }
              }
            />
          </button>
        </th>
        <th
          aria-sort="none"
        >
          <button
            className="DataTable__sort"
            data-column="source"
            type="button"
          >
            <div
              className="DataTable__sortLabel"
            >
              SOURCE
            </div>
            <SvgIcon
              className="DataTable__sortIcon"
              icon={
                Object {
                  "icon": Array [],
                  "iconName": "sort",
                  "prefix": "fas",
                }
              }
            />
          </button>
        </th>
        <th>
          SITE
        </th>
      </tr>
    </thead>
    <tbody
      onClick={null}
      onKeyDown={null}
      onKeyUp={null}
      onMouseDown={null}
    >
      <tr
        aria-selected={false}
        className="DataTable--highlight"
        data-index={0}
        id="id"
        tabIndex={-1}
      >
        <td
          className={null}
          title=""
        >
          10
        </td>
        <td
          className={null}
          title=""
        >
          a4
        </td>
        <td
          className="TestClass0"
          title="site"
        >
          site
        </td>
      </tr>
    </tbody>
  </table>
</div>
`;

exports[`DataTable rendering renders loading spinner when loading initial data 1`] = `
<div
  className="DataTable"
  id="test"
  tabIndex="-1"
>
  <table
    className="DataTable__table DataTable--line"
    id="test-table"
    role="grid"
  >
    <col
      width="10px"
    />
    <col
      width="10px"
    />
    <col
      width="10px"
    />
    <thead
      onClick={[Function]}
    >
      <tr>
        <th
          aria-sort="none"
        >
          <button
            className="DataTable__sort"
            data-column="time"
            type="button"
          >
            <div
              className="DataTable__sortLabel"
            >
              TIME
            </div>
            <SvgIcon
              className="DataTable__sortIcon"
              icon={
                Object {
                  "icon": Array [],
                  "iconName": "sort",
                  "prefix": "fas",
                }
              }
            />
          </button>
        </th>
        <th
          aria-sort="none"
        >
          <button
            className="DataTable__sort"
            data-column="source"
            type="button"
          >
            <div
              className="DataTable__sortLabel"
            >
              SOURCE
            </div>
            <SvgIcon
              className="DataTable__sortIcon"
              icon={
                Object {
                  "icon": Array [],
                  "iconName": "sort",
                  "prefix": "fas",
                }
              }
            />
          </button>
        </th>
        <th>
          SITE
        </th>
      </tr>
    </thead>
    <tbody
      onClick={null}
      onKeyDown={null}
      onKeyUp={null}
      onMouseDown={null}
    />
  </table>
  <Spinner
    id="test-loading"
    size="large"
  />
</div>
`;

exports[`DataTable rendering renders next spinner when fetchingNextPage is true 1`] = `
<div
  className="DataTable"
  id="test"
  tabIndex="-1"
>
  <table
    className="DataTable__table DataTable--line"
    id="test-table"
    role="grid"
  >
    <col
      width="10px"
    />
    <col
      width="10px"
    />
    <col
      width="10px"
    />
    <thead
      onClick={[Function]}
    >
      <tr>
        <th
          aria-sort="none"
        >
          <button
            className="DataTable__sort"
            data-column="time"
            type="button"
          >
            <div
              className="DataTable__sortLabel"
            >
              TIME
            </div>
            <SvgIcon
              className="DataTable__sortIcon"
              icon={
                Object {
                  "icon": Array [],
                  "iconName": "sort",
                  "prefix": "fas",
                }
              }
            />
          </button>
        </th>
        <th
          aria-sort="none"
        >
          <button
            className="DataTable__sort"
            data-column="source"
            type="button"
          >
            <div
              className="DataTable__sortLabel"
            >
              SOURCE
            </div>
            <SvgIcon
              className="DataTable__sortIcon"
              icon={
                Object {
                  "icon": Array [],
                  "iconName": "sort",
                  "prefix": "fas",
                }
              }
            />
          </button>
        </th>
        <th>
          SITE
        </th>
      </tr>
    </thead>
    <tbody
      onClick={null}
      onKeyDown={null}
      onKeyUp={null}
      onMouseDown={null}
    >
      <tr
        aria-selected={false}
        className=""
        data-index={0}
        id="r0"
        tabIndex={-1}
      >
        <td
          className={null}
          title=""
        >
          2
        </td>
        <td
          className={null}
          title=""
        >
          a1
        </td>
        <td
          className="TestClass0"
          title="site4"
        >
          site4
        </td>
      </tr>
      <tr
        aria-selected={false}
        className=""
        data-index={1}
        id="r1"
        tabIndex={-1}
      >
        <td
          className={null}
          title=""
        >
          1
        </td>
        <td
          className={null}
          title=""
        >
          a10
        </td>
        <td
          className="TestClass1"
          title="site3"
        >
          site3
        </td>
      </tr>
      <tr
        aria-selected={false}
        className=""
        data-index={2}
        id="r2"
        tabIndex={-1}
      >
        <td
          className={null}
          title=""
        >
          1
        </td>
        <td
          className={null}
          title=""
        >
          b10
        </td>
        <td
          className="TestClass2"
          title="site5"
        >
          site5
        </td>
      </tr>
      <tr
        aria-selected={false}
        className=""
        data-index={3}
        id="r3"
        tabIndex={-1}
      >
        <td
          className={null}
          title=""
        >
          4
        </td>
        <td
          className={null}
          title=""
        >
          a1
        </td>
        <td
          className="TestClass3"
          title="site2"
        >
          site2
        </td>
      </tr>
      <tr
        aria-selected={false}
        className=""
        data-index={4}
        id="r4"
        tabIndex={-1}
      >
        <td
          className={null}
          title=""
        >
          3
        </td>
        <td
          className={null}
          title=""
        >
          A1
        </td>
        <td
          className="TestClass4"
          title="site1"
        >
          site1
        </td>
      </tr>
      <tr>
        <td
          className="DataTable__spinner"
          colSpan={3}
        >
          <Spinner
            size="tiny"
          />
        </td>
      </tr>
    </tbody>
  </table>
</div>
`;

exports[`DataTable rendering renders previous spinner when fetchingPrevPage is true 1`] = `
<div
  className="DataTable"
  id="test"
  tabIndex="-1"
>
  <table
    className="DataTable__table DataTable--line"
    id="test-table"
    role="grid"
  >
    <col
      width="10px"
    />
    <col
      width="10px"
    />
    <col
      width="10px"
    />
    <thead
      onClick={[Function]}
    >
      <tr>
        <th
          aria-sort="none"
        >
          <button
            className="DataTable__sort"
            data-column="time"
            type="button"
          >
            <div
              className="DataTable__sortLabel"
            >
              TIME
            </div>
            <SvgIcon
              className="DataTable__sortIcon"
              icon={
                Object {
                  "icon": Array [],
                  "iconName": "sort",
                  "prefix": "fas",
                }
              }
            />
          </button>
        </th>
        <th
          aria-sort="none"
        >
          <button
            className="DataTable__sort"
            data-column="source"
            type="button"
          >
            <div
              className="DataTable__sortLabel"
            >
              SOURCE
            </div>
            <SvgIcon
              className="DataTable__sortIcon"
              icon={
                Object {
                  "icon": Array [],
                  "iconName": "sort",
                  "prefix": "fas",
                }
              }
            />
          </button>
        </th>
        <th>
          SITE
        </th>
      </tr>
    </thead>
    <tbody
      onClick={null}
      onKeyDown={null}
      onKeyUp={null}
      onMouseDown={null}
    >
      <tr>
        <td
          className="DataTable__spinner"
          colSpan={3}
        >
          <Spinner
            size="tiny"
          />
        </td>
      </tr>
      <tr
        aria-selected={false}
        className=""
        data-index={0}
        id="r0"
        tabIndex={-1}
      >
        <td
          className={null}
          title=""
        >
          2
        </td>
        <td
          className={null}
          title=""
        >
          a1
        </td>
        <td
          className="TestClass0"
          title="site4"
        >
          site4
        </td>
      </tr>
      <tr
        aria-selected={false}
        className=""
        data-index={1}
        id="r1"
        tabIndex={-1}
      >
        <td
          className={null}
          title=""
        >
          1
        </td>
        <td
          className={null}
          title=""
        >
          a10
        </td>
        <td
          className="TestClass1"
          title="site3"
        >
          site3
        </td>
      </tr>
      <tr
        aria-selected={false}
        className=""
        data-index={2}
        id="r2"
        tabIndex={-1}
      >
        <td
          className={null}
          title=""
        >
          1
        </td>
        <td
          className={null}
          title=""
        >
          b10
        </td>
        <td
          className="TestClass2"
          title="site5"
        >
          site5
        </td>
      </tr>
      <tr
        aria-selected={false}
        className=""
        data-index={3}
        id="r3"
        tabIndex={-1}
      >
        <td
          className={null}
          title=""
        >
          4
        </td>
        <td
          className={null}
          title=""
        >
          a1
        </td>
        <td
          className="TestClass3"
          title="site2"
        >
          site2
        </td>
      </tr>
      <tr
        aria-selected={false}
        className=""
        data-index={4}
        id="r4"
        tabIndex={-1}
      >
        <td
          className={null}
          title=""
        >
          3
        </td>
        <td
          className={null}
          title=""
        >
          A1
        </td>
        <td
          className="TestClass4"
          title="site1"
        >
          site1
        </td>
      </tr>
    </tbody>
  </table>
</div>
`;

exports[`DataTable rendering renders selected row 1`] = `
<div
  className="DataTable"
  id="test"
  tabIndex="-1"
>
  <table
    className="DataTable__table DataTable--line"
    id="test-table"
    role="grid"
  >
    <col
      width="10px"
    />
    <col
      width="10px"
    />
    <col
      width="10px"
    />
    <thead
      onClick={[Function]}
    >
      <tr>
        <th
          aria-sort="none"
        >
          <button
            className="DataTable__sort"
            data-column="time"
            type="button"
          >
            <div
              className="DataTable__sortLabel"
            >
              TIME
            </div>
            <SvgIcon
              className="DataTable__sortIcon"
              icon={
                Object {
                  "icon": Array [],
                  "iconName": "sort",
                  "prefix": "fas",
                }
              }
            />
          </button>
        </th>
        <th
          aria-sort="none"
        >
          <button
            className="DataTable__sort"
            data-column="source"
            type="button"
          >
            <div
              className="DataTable__sortLabel"
            >
              SOURCE
            </div>
            <SvgIcon
              className="DataTable__sortIcon"
              icon={
                Object {
                  "icon": Array [],
                  "iconName": "sort",
                  "prefix": "fas",
                }
              }
            />
          </button>
        </th>
        <th>
          SITE
        </th>
      </tr>
    </thead>
    <tbody
      onClick={null}
      onKeyDown={null}
      onKeyUp={null}
      onMouseDown={null}
    >
      <tr
        aria-selected={true}
        className=""
        data-index={0}
        id="id"
        tabIndex={-1}
      >
        <td
          className={null}
          title=""
        >
          10
        </td>
        <td
          className={null}
          title=""
        >
          a4
        </td>
        <td
          className="TestClass0"
          title="site"
        >
          site
        </td>
      </tr>
    </tbody>
  </table>
</div>
`;

exports[`DataTable rendering renders the expected elements if the data is empty 1`] = `
<div
  className="DataTable"
  id="test"
  tabIndex="-1"
>
  <table
    className="DataTable__table DataTable--line"
    id="test-table"
    role="grid"
  >
    <col
      width="10px"
    />
    <col
      width="10px"
    />
    <col
      width="10px"
    />
    <thead
      onClick={[Function]}
    >
      <tr>
        <th
          aria-sort="none"
        >
          <button
            className="DataTable__sort"
            data-column="time"
            type="button"
          >
            <div
              className="DataTable__sortLabel"
            >
              TIME
            </div>
            <SvgIcon
              className="DataTable__sortIcon"
              icon={
                Object {
                  "icon": Array [],
                  "iconName": "sort",
                  "prefix": "fas",
                }
              }
            />
          </button>
        </th>
        <th
          aria-sort="none"
        >
          <button
            className="DataTable__sort"
            data-column="source"
            type="button"
          >
            <div
              className="DataTable__sortLabel"
            >
              SOURCE
            </div>
            <SvgIcon
              className="DataTable__sortIcon"
              icon={
                Object {
                  "icon": Array [],
                  "iconName": "sort",
                  "prefix": "fas",
                }
              }
            />
          </button>
        </th>
        <th>
          SITE
        </th>
      </tr>
    </thead>
    <tbody
      onClick={null}
      onKeyDown={null}
      onKeyUp={null}
      onMouseDown={null}
    />
  </table>
  <div
    className="DataTable__message"
    id="test-tableMessage"
  >
    Empty text
  </div>
</div>
`;

exports[`DataTable rendering renders the expected elements if there is data 1`] = `
<div
  className="DataTable TestClass"
  id="test"
  tabIndex="-1"
>
  <table
    className="DataTable__table DataTable--line"
    id="test-table"
    role="grid"
  >
    <col
      width="10px"
    />
    <col
      width="10px"
    />
    <col
      width="10px"
    />
    <thead
      onClick={[Function]}
    >
      <tr>
        <th
          aria-sort="ascending"
        >
          <button
            className="DataTable__sort DataTable__sort--active"
            data-column="time"
            type="button"
          >
            <div
              className="DataTable__sortLabel"
            >
              TIME
            </div>
            <SvgIcon
              className="DataTable__sortIcon"
              icon={
                Object {
                  "icon": Array [],
                  "iconName": "sort-up",
                  "prefix": "fas",
                }
              }
            />
          </button>
        </th>
        <th
          aria-sort="none"
        >
          <button
            className="DataTable__sort"
            data-column="source"
            type="button"
          >
            <div
              className="DataTable__sortLabel"
            >
              SOURCE
            </div>
            <SvgIcon
              className="DataTable__sortIcon"
              icon={
                Object {
                  "icon": Array [],
                  "iconName": "sort",
                  "prefix": "fas",
                }
              }
            />
          </button>
        </th>
        <th>
          SITE
        </th>
      </tr>
    </thead>
    <tbody
      onClick={null}
      onKeyDown={null}
      onKeyUp={null}
      onMouseDown={null}
    >
      <tr
        aria-selected={false}
        className=""
        data-index={0}
        id="r1"
        tabIndex={-1}
      >
        <td
          className={null}
          title=""
        >
          1
        </td>
        <td
          className={null}
          title=""
        >
          a10
        </td>
        <td
          className="TestClass0"
          title="site3"
        >
          site3
        </td>
      </tr>
      <tr
        aria-selected={false}
        className=""
        data-index={1}
        id="r2"
        tabIndex={-1}
      >
        <td
          className={null}
          title=""
        >
          1
        </td>
        <td
          className={null}
          title=""
        >
          b10
        </td>
        <td
          className="TestClass1"
          title="site5"
        >
          site5
        </td>
      </tr>
      <tr
        aria-selected={false}
        className=""
        data-index={2}
        id="r0"
        tabIndex={-1}
      >
        <td
          className={null}
          title=""
        >
          2
        </td>
        <td
          className={null}
          title=""
        >
          a1
        </td>
        <td
          className="TestClass2"
          title="site4"
        >
          site4
        </td>
      </tr>
      <tr
        aria-selected={false}
        className=""
        data-index={3}
        id="r4"
        tabIndex={-1}
      >
        <td
          className={null}
          title=""
        >
          3
        </td>
        <td
          className={null}
          title=""
        >
          A1
        </td>
        <td
          className="TestClass3"
          title="site1"
        >
          site1
        </td>
      </tr>
      <tr
        aria-selected={false}
        className=""
        data-index={4}
        id="r3"
        tabIndex={-1}
      >
        <td
          className={null}
          title=""
        >
          4
        </td>
        <td
          className={null}
          title=""
        >
          a1
        </td>
        <td
          className="TestClass4"
          title="site2"
        >
          site2
        </td>
      </tr>
    </tbody>
  </table>
</div>
`;

exports[`DataTable rendering renders the expected elements in descending order 1`] = `
<div
  className="DataTable"
  id="test"
  tabIndex="-1"
>
  <table
    className="DataTable__table DataTable--line"
    id="test-table"
    role="grid"
  >
    <col
      width="10px"
    />
    <col
      width="10px"
    />
    <col
      width="10px"
    />
    <thead
      onClick={[Function]}
    >
      <tr>
        <th
          aria-sort="descending"
        >
          <button
            className="DataTable__sort DataTable__sort--active"
            data-column="time"
            type="button"
          >
            <div
              className="DataTable__sortLabel"
            >
              TIME
            </div>
            <SvgIcon
              className="DataTable__sortIcon"
              icon={
                Object {
                  "icon": Array [],
                  "iconName": "sort-down",
                  "prefix": "fas",
                }
              }
            />
          </button>
        </th>
        <th
          aria-sort="none"
        >
          <button
            className="DataTable__sort"
            data-column="source"
            type="button"
          >
            <div
              className="DataTable__sortLabel"
            >
              SOURCE
            </div>
            <SvgIcon
              className="DataTable__sortIcon"
              icon={
                Object {
                  "icon": Array [],
                  "iconName": "sort",
                  "prefix": "fas",
                }
              }
            />
          </button>
        </th>
        <th>
          SITE
        </th>
      </tr>
    </thead>
    <tbody
      onClick={null}
      onKeyDown={null}
      onKeyUp={null}
      onMouseDown={null}
    >
      <tr
        aria-selected={false}
        className=""
        data-index={0}
        id="r3"
        tabIndex={-1}
      >
        <td
          className={null}
          title=""
        >
          4
        </td>
        <td
          className={null}
          title=""
        >
          a1
        </td>
        <td
          className="TestClass0"
          title="site2"
        >
          site2
        </td>
      </tr>
      <tr
        aria-selected={false}
        className=""
        data-index={1}
        id="r4"
        tabIndex={-1}
      >
        <td
          className={null}
          title=""
        >
          3
        </td>
        <td
          className={null}
          title=""
        >
          A1
        </td>
        <td
          className="TestClass1"
          title="site1"
        >
          site1
        </td>
      </tr>
      <tr
        aria-selected={false}
        className=""
        data-index={2}
        id="r0"
        tabIndex={-1}
      >
        <td
          className={null}
          title=""
        >
          2
        </td>
        <td
          className={null}
          title=""
        >
          a1
        </td>
        <td
          className="TestClass2"
          title="site4"
        >
          site4
        </td>
      </tr>
      <tr
        aria-selected={false}
        className=""
        data-index={3}
        id="r1"
        tabIndex={-1}
      >
        <td
          className={null}
          title=""
        >
          1
        </td>
        <td
          className={null}
          title=""
        >
          a10
        </td>
        <td
          className="TestClass3"
          title="site3"
        >
          site3
        </td>
      </tr>
      <tr
        aria-selected={false}
        className=""
        data-index={4}
        id="r2"
        tabIndex={-1}
      >
        <td
          className={null}
          title=""
        >
          1
        </td>
        <td
          className={null}
          title=""
        >
          b10
        </td>
        <td
          className="TestClass4"
          title="site5"
        >
          site5
        </td>
      </tr>
    </tbody>
  </table>
</div>
`;

exports[`DataTable rendering renders the expected elements using a secondary key 1`] = `
<div
  className="DataTable"
  id="test"
  tabIndex="-1"
>
  <table
    className="DataTable__table DataTable--line"
    id="test-table"
    role="grid"
  >
    <col
      width="10px"
    />
    <col
      width="10px"
    />
    <col
      width="10px"
    />
    <thead
      onClick={[Function]}
    >
      <tr>
        <th
          aria-sort="none"
        >
          <button
            className="DataTable__sort"
            data-column="time"
            type="button"
          >
            <div
              className="DataTable__sortLabel"
            >
              TIME
            </div>
            <SvgIcon
              className="DataTable__sortIcon"
              icon={
                Object {
                  "icon": Array [],
                  "iconName": "sort",
                  "prefix": "fas",
                }
              }
            />
          </button>
        </th>
        <th
          aria-sort="ascending"
        >
          <button
            className="DataTable__sort DataTable__sort--active"
            data-column="source"
            type="button"
          >
            <div
              className="DataTable__sortLabel"
            >
              SOURCE
            </div>
            <SvgIcon
              className="DataTable__sortIcon"
              icon={
                Object {
                  "icon": Array [],
                  "iconName": "sort-up",
                  "prefix": "fas",
                }
              }
            />
          </button>
        </th>
        <th>
          SITE
        </th>
      </tr>
    </thead>
    <tbody
      onClick={null}
      onKeyDown={null}
      onKeyUp={null}
      onMouseDown={null}
    >
      <tr
        aria-selected={false}
        className=""
        data-index={0}
        id="r0"
        tabIndex={-1}
      >
        <td
          className={null}
          title=""
        >
          2
        </td>
        <td
          className={null}
          title=""
        >
          a1
        </td>
        <td
          className="TestClass0"
          title="site4"
        >
          site4
        </td>
      </tr>
      <tr
        aria-selected={false}
        className=""
        data-index={1}
        id="r4"
        tabIndex={-1}
      >
        <td
          className={null}
          title=""
        >
          3
        </td>
        <td
          className={null}
          title=""
        >
          A1
        </td>
        <td
          className="TestClass1"
          title="site1"
        >
          site1
        </td>
      </tr>
      <tr
        aria-selected={false}
        className=""
        data-index={2}
        id="r3"
        tabIndex={-1}
      >
        <td
          className={null}
          title=""
        >
          4
        </td>
        <td
          className={null}
          title=""
        >
          a1
        </td>
        <td
          className="TestClass2"
          title="site2"
        >
          site2
        </td>
      </tr>
      <tr
        aria-selected={false}
        className=""
        data-index={3}
        id="r1"
        tabIndex={-1}
      >
        <td
          className={null}
          title=""
        >
          1
        </td>
        <td
          className={null}
          title=""
        >
          a10
        </td>
        <td
          className="TestClass3"
          title="site3"
        >
          site3
        </td>
      </tr>
      <tr
        aria-selected={false}
        className=""
        data-index={4}
        id="r2"
        tabIndex={-1}
      >
        <td
          className={null}
          title=""
        >
          1
        </td>
        <td
          className={null}
          title=""
        >
          b10
        </td>
        <td
          className="TestClass4"
          title="site5"
        >
          site5
        </td>
      </tr>
    </tbody>
  </table>
</div>
`;

exports[`DataTable rendering renders the expected elements when columns is set 1`] = `
<div
  className="DataTable TestClass"
  id="test"
  tabIndex="-1"
>
  <table
    className="DataTable__table DataTable--line"
    id="test-table"
    role="grid"
  >
    <col
      width="10px"
    />
    <col
      width="10px"
    />
    <thead
      onClick={[Function]}
    >
      <tr>
        <th>
          SITE
        </th>
        <th
          aria-sort="none"
        >
          <button
            className="DataTable__sort"
            data-column="source"
            type="button"
          >
            <div
              className="DataTable__sortLabel"
            >
              SOURCE
            </div>
            <SvgIcon
              className="DataTable__sortIcon"
              icon={
                Object {
                  "icon": Array [],
                  "iconName": "sort",
                  "prefix": "fas",
                }
              }
            />
          </button>
        </th>
      </tr>
    </thead>
    <tbody
      onClick={null}
      onKeyDown={null}
      onKeyUp={null}
      onMouseDown={null}
    >
      <tr
        aria-selected={false}
        className=""
        data-index={0}
        id="r1"
        tabIndex={-1}
      >
        <td
          className="TestClass0"
          title="site3"
        >
          site3
        </td>
        <td
          className={null}
          title=""
        >
          a10
        </td>
      </tr>
      <tr
        aria-selected={false}
        className=""
        data-index={1}
        id="r2"
        tabIndex={-1}
      >
        <td
          className="TestClass1"
          title="site5"
        >
          site5
        </td>
        <td
          className={null}
          title=""
        >
          b10
        </td>
      </tr>
      <tr
        aria-selected={false}
        className=""
        data-index={2}
        id="r0"
        tabIndex={-1}
      >
        <td
          className="TestClass2"
          title="site4"
        >
          site4
        </td>
        <td
          className={null}
          title=""
        >
          a1
        </td>
      </tr>
      <tr
        aria-selected={false}
        className=""
        data-index={3}
        id="r4"
        tabIndex={-1}
      >
        <td
          className="TestClass3"
          title="site1"
        >
          site1
        </td>
        <td
          className={null}
          title=""
        >
          A1
        </td>
      </tr>
      <tr
        aria-selected={false}
        className=""
        data-index={4}
        id="r3"
        tabIndex={-1}
      >
        <td
          className="TestClass4"
          title="site2"
        >
          site2
        </td>
        <td
          className={null}
          title=""
        >
          a1
        </td>
      </tr>
    </tbody>
  </table>
</div>
`;
