// Jest Snapshot v1, https://goo.gl/fbAQLP

exports[`DataTable rendering renders clickable row 1`] = `
<div
  className="DataTable"
  id="test"
>
  <div
    className="DataTable__header"
    id="test-tableHeader"
  >
    <table
      className="DataTable__table"
    >
      <thead>
        <tr>
          <th
            aria-sort="none"
            className="DataTable__th"
            onClick={[Function]}
            style={
              Object {
                "width": "10px",
              }
            }
          >
            <span>
              TIME
              <SvgIcon
                className="DataTable__sort"
                icon={
                  Object {
                    "icon": Array [],
                    "iconName": "sort",
                    "prefix": "fas",
                  }
                }
              />
            </span>
          </th>
          <th
            aria-sort="none"
            className="DataTable__th"
            onClick={[Function]}
            style={
              Object {
                "width": "10px",
              }
            }
          >
            <span>
              SOURCE
              <SvgIcon
                className="DataTable__sort"
                icon={
                  Object {
                    "icon": Array [],
                    "iconName": "sort",
                    "prefix": "fas",
                  }
                }
              />
            </span>
          </th>
          <th
            aria-sort={null}
            className="DataTable__th"
            onClick={null}
            style={
              Object {
                "width": "10px",
              }
            }
          >
            <span>
              SITE
            </span>
          </th>
        </tr>
      </thead>
    </table>
  </div>
  <div
    className="DataTable__body"
    id="test-tableBody"
    tabIndex="-1"
  >
    <React.Fragment>
      <table
        aria-activedescendant={null}
        className="DataTable__table"
        id="test-table"
        onBlur={[Function]}
        onClick={[Function]}
        onFocus={[Function]}
        onKeyDown={[Function]}
        onKeyUp={[Function]}
        onMouseOut={[Function]}
        onMouseOver={[Function]}
        role="grid"
        tabIndex="0"
      >
        <thead
          className="DataTable__printHeader"
        >
          <tr>
            <th
              aria-sort="none"
              className="DataTable__th"
              onClick={[Function]}
              style={
                Object {
                  "width": "10px",
                }
              }
            >
              <span>
                TIME
                <SvgIcon
                  className="DataTable__sort"
                  icon={
                    Object {
                      "icon": Array [],
                      "iconName": "sort",
                      "prefix": "fas",
                    }
                  }
                />
              </span>
            </th>
            <th
              aria-sort="none"
              className="DataTable__th"
              onClick={[Function]}
              style={
                Object {
                  "width": "10px",
                }
              }
            >
              <span>
                SOURCE
                <SvgIcon
                  className="DataTable__sort"
                  icon={
                    Object {
                      "icon": Array [],
                      "iconName": "sort",
                      "prefix": "fas",
                    }
                  }
                />
              </span>
            </th>
            <th
              aria-sort={null}
              className="DataTable__th"
              onClick={null}
              style={
                Object {
                  "width": "10px",
                }
              }
            >
              <span>
                SITE
              </span>
            </th>
          </tr>
        </thead>
        <tbody>
          <tr
            aria-selected={false}
            className="DataTable__row DataTable__row--clickable"
            data-index={0}
            id="r0"
          >
            <td
              className="DataTable__td"
              style={
                Object {
                  "width": "10px",
                }
              }
              title=""
            >
              2
            </td>
            <td
              className="DataTable__td"
              style={
                Object {
                  "width": "10px",
                }
              }
              title=""
            >
              a1
            </td>
            <td
              className="DataTable__td TestClass0"
              style={
                Object {
                  "width": "10px",
                }
              }
              title="site4"
            >
              site4
            </td>
          </tr>
          <tr
            aria-selected={false}
            className="DataTable__row DataTable__row--clickable"
            data-index={1}
            id="r1"
          >
            <td
              className="DataTable__td"
              style={
                Object {
                  "width": "10px",
                }
              }
              title=""
            >
              1
            </td>
            <td
              className="DataTable__td"
              style={
                Object {
                  "width": "10px",
                }
              }
              title=""
            >
              a10
            </td>
            <td
              className="DataTable__td TestClass1"
              style={
                Object {
                  "width": "10px",
                }
              }
              title="site3"
            >
              site3
            </td>
          </tr>
          <tr
            aria-selected={false}
            className="DataTable__row DataTable__row--clickable"
            data-index={2}
            id="r2"
          >
            <td
              className="DataTable__td"
              style={
                Object {
                  "width": "10px",
                }
              }
              title=""
            >
              1
            </td>
            <td
              className="DataTable__td"
              style={
                Object {
                  "width": "10px",
                }
              }
              title=""
            >
              b10
            </td>
            <td
              className="DataTable__td TestClass2"
              style={
                Object {
                  "width": "10px",
                }
              }
              title="site5"
            >
              site5
            </td>
          </tr>
          <tr
            aria-selected={false}
            className="DataTable__row DataTable__row--clickable"
            data-index={3}
            id="r3"
          >
            <td
              className="DataTable__td"
              style={
                Object {
                  "width": "10px",
                }
              }
              title=""
            >
              4
            </td>
            <td
              className="DataTable__td"
              style={
                Object {
                  "width": "10px",
                }
              }
              title=""
            >
              a1
            </td>
            <td
              className="DataTable__td TestClass3"
              style={
                Object {
                  "width": "10px",
                }
              }
              title="site2"
            >
              site2
            </td>
          </tr>
          <tr
            aria-selected={false}
            className="DataTable__row DataTable__row--clickable"
            data-index={4}
            id="r4"
          >
            <td
              className="DataTable__td"
              style={
                Object {
                  "width": "10px",
                }
              }
              title=""
            >
              3
            </td>
            <td
              className="DataTable__td"
              style={
                Object {
                  "width": "10px",
                }
              }
              title=""
            >
              A1
            </td>
            <td
              className="DataTable__td TestClass4"
              style={
                Object {
                  "width": "10px",
                }
              }
              title="site1"
            >
              site1
            </td>
          </tr>
        </tbody>
      </table>
    </React.Fragment>
  </div>
</div>
`;

exports[`DataTable rendering renders focused row 1`] = `
<div
  className="DataTable"
  id="test"
>
  <div
    className="DataTable__header"
    id="test-tableHeader"
  >
    <table
      className="DataTable__table"
    >
      <thead>
        <tr>
          <th
            aria-sort="none"
            className="DataTable__th"
            onClick={[Function]}
            style={
              Object {
                "width": "10px",
              }
            }
          >
            <span>
              TIME
              <SvgIcon
                className="DataTable__sort"
                icon={
                  Object {
                    "icon": Array [],
                    "iconName": "sort",
                    "prefix": "fas",
                  }
                }
              />
            </span>
          </th>
          <th
            aria-sort="none"
            className="DataTable__th"
            onClick={[Function]}
            style={
              Object {
                "width": "10px",
              }
            }
          >
            <span>
              SOURCE
              <SvgIcon
                className="DataTable__sort"
                icon={
                  Object {
                    "icon": Array [],
                    "iconName": "sort",
                    "prefix": "fas",
                  }
                }
              />
            </span>
          </th>
          <th
            aria-sort={null}
            className="DataTable__th"
            onClick={null}
            style={
              Object {
                "width": "10px",
              }
            }
          >
            <span>
              SITE
            </span>
          </th>
        </tr>
      </thead>
    </table>
  </div>
  <div
    className="DataTable__body"
    id="test-tableBody"
    tabIndex="-1"
  >
    <React.Fragment>
      <table
        aria-activedescendant="id"
        className="DataTable__table"
        id="test-table"
        onBlur={[Function]}
        onClick={null}
        onFocus={[Function]}
        onKeyDown={[Function]}
        onKeyUp={null}
        onMouseOut={[Function]}
        onMouseOver={[Function]}
        role="grid"
        tabIndex="0"
      >
        <thead
          className="DataTable__printHeader"
        >
          <tr>
            <th
              aria-sort="none"
              className="DataTable__th"
              onClick={[Function]}
              style={
                Object {
                  "width": "10px",
                }
              }
            >
              <span>
                TIME
                <SvgIcon
                  className="DataTable__sort"
                  icon={
                    Object {
                      "icon": Array [],
                      "iconName": "sort",
                      "prefix": "fas",
                    }
                  }
                />
              </span>
            </th>
            <th
              aria-sort="none"
              className="DataTable__th"
              onClick={[Function]}
              style={
                Object {
                  "width": "10px",
                }
              }
            >
              <span>
                SOURCE
                <SvgIcon
                  className="DataTable__sort"
                  icon={
                    Object {
                      "icon": Array [],
                      "iconName": "sort",
                      "prefix": "fas",
                    }
                  }
                />
              </span>
            </th>
            <th
              aria-sort={null}
              className="DataTable__th"
              onClick={null}
              style={
                Object {
                  "width": "10px",
                }
              }
            >
              <span>
                SITE
              </span>
            </th>
          </tr>
        </thead>
        <tbody>
          <tr
            aria-selected={false}
            className="DataTable__row DataTable__row--focused"
            data-index={0}
            id="id"
          >
            <td
              className="DataTable__td"
              style={
                Object {
                  "width": "10px",
                }
              }
              title=""
            >
              10
            </td>
            <td
              className="DataTable__td"
              style={
                Object {
                  "width": "10px",
                }
              }
              title=""
            >
              a4
            </td>
            <td
              className="DataTable__td TestClass0"
              style={
                Object {
                  "width": "10px",
                }
              }
              title="site"
            >
              site
            </td>
          </tr>
        </tbody>
      </table>
    </React.Fragment>
  </div>
</div>
`;

exports[`DataTable rendering renders highlighted row 1`] = `
<div
  className="DataTable"
  id="test"
>
  <div
    className="DataTable__header"
    id="test-tableHeader"
  >
    <table
      className="DataTable__table"
    >
      <thead>
        <tr>
          <th
            aria-sort="none"
            className="DataTable__th"
            onClick={[Function]}
            style={
              Object {
                "width": "10px",
              }
            }
          >
            <span>
              TIME
              <SvgIcon
                className="DataTable__sort"
                icon={
                  Object {
                    "icon": Array [],
                    "iconName": "sort",
                    "prefix": "fas",
                  }
                }
              />
            </span>
          </th>
          <th
            aria-sort="none"
            className="DataTable__th"
            onClick={[Function]}
            style={
              Object {
                "width": "10px",
              }
            }
          >
            <span>
              SOURCE
              <SvgIcon
                className="DataTable__sort"
                icon={
                  Object {
                    "icon": Array [],
                    "iconName": "sort",
                    "prefix": "fas",
                  }
                }
              />
            </span>
          </th>
          <th
            aria-sort={null}
            className="DataTable__th"
            onClick={null}
            style={
              Object {
                "width": "10px",
              }
            }
          >
            <span>
              SITE
            </span>
          </th>
        </tr>
      </thead>
    </table>
  </div>
  <div
    className="DataTable__body"
    id="test-tableBody"
    tabIndex="-1"
  >
    <React.Fragment>
      <table
        aria-activedescendant={null}
        className="DataTable__table"
        id="test-table"
        onBlur={[Function]}
        onClick={null}
        onFocus={[Function]}
        onKeyDown={[Function]}
        onKeyUp={null}
        onMouseOut={[Function]}
        onMouseOver={[Function]}
        role="grid"
        tabIndex="0"
      >
        <thead
          className="DataTable__printHeader"
        >
          <tr>
            <th
              aria-sort="none"
              className="DataTable__th"
              onClick={[Function]}
              style={
                Object {
                  "width": "10px",
                }
              }
            >
              <span>
                TIME
                <SvgIcon
                  className="DataTable__sort"
                  icon={
                    Object {
                      "icon": Array [],
                      "iconName": "sort",
                      "prefix": "fas",
                    }
                  }
                />
              </span>
            </th>
            <th
              aria-sort="none"
              className="DataTable__th"
              onClick={[Function]}
              style={
                Object {
                  "width": "10px",
                }
              }
            >
              <span>
                SOURCE
                <SvgIcon
                  className="DataTable__sort"
                  icon={
                    Object {
                      "icon": Array [],
                      "iconName": "sort",
                      "prefix": "fas",
                    }
                  }
                />
              </span>
            </th>
            <th
              aria-sort={null}
              className="DataTable__th"
              onClick={null}
              style={
                Object {
                  "width": "10px",
                }
              }
            >
              <span>
                SITE
              </span>
            </th>
          </tr>
        </thead>
        <tbody>
          <tr
            aria-selected={false}
            className="DataTable__row DataTable__row--highlight"
            data-index={0}
            id="id"
          >
            <td
              className="DataTable__td"
              style={
                Object {
                  "width": "10px",
                }
              }
              title=""
            >
              10
            </td>
            <td
              className="DataTable__td"
              style={
                Object {
                  "width": "10px",
                }
              }
              title=""
            >
              a4
            </td>
            <td
              className="DataTable__td TestClass0"
              style={
                Object {
                  "width": "10px",
                }
              }
              title="site"
            >
              site
            </td>
          </tr>
        </tbody>
      </table>
    </React.Fragment>
  </div>
</div>
`;

exports[`DataTable rendering renders loading spinner when loading initial data 1`] = `
<div
  className="DataTable"
  id="test"
>
  <div
    className="DataTable__header"
    id="test-tableHeader"
  >
    <table
      className="DataTable__table"
    >
      <thead>
        <tr>
          <th
            aria-sort="none"
            className="DataTable__th"
            onClick={[Function]}
            style={
              Object {
                "width": "10px",
              }
            }
          >
            <span>
              TIME
              <SvgIcon
                className="DataTable__sort"
                icon={
                  Object {
                    "icon": Array [],
                    "iconName": "sort",
                    "prefix": "fas",
                  }
                }
              />
            </span>
          </th>
          <th
            aria-sort="none"
            className="DataTable__th"
            onClick={[Function]}
            style={
              Object {
                "width": "10px",
              }
            }
          >
            <span>
              SOURCE
              <SvgIcon
                className="DataTable__sort"
                icon={
                  Object {
                    "icon": Array [],
                    "iconName": "sort",
                    "prefix": "fas",
                  }
                }
              />
            </span>
          </th>
          <th
            aria-sort={null}
            className="DataTable__th"
            onClick={null}
            style={
              Object {
                "width": "10px",
              }
            }
          >
            <span>
              SITE
            </span>
          </th>
        </tr>
      </thead>
    </table>
  </div>
  <div
    className="DataTable__body"
    id="test-tableBody"
    tabIndex="-1"
  >
    <React.Fragment>
      <table
        aria-activedescendant={null}
        className="DataTable__table"
        id="test-table"
        onBlur={[Function]}
        onClick={null}
        onFocus={[Function]}
        onKeyDown={[Function]}
        onKeyUp={null}
        onMouseOut={[Function]}
        onMouseOver={[Function]}
        role="grid"
        tabIndex="0"
      >
        <thead
          className="DataTable__printHeader"
        >
          <tr>
            <th
              aria-sort="none"
              className="DataTable__th"
              onClick={[Function]}
              style={
                Object {
                  "width": "10px",
                }
              }
            >
              <span>
                TIME
                <SvgIcon
                  className="DataTable__sort"
                  icon={
                    Object {
                      "icon": Array [],
                      "iconName": "sort",
                      "prefix": "fas",
                    }
                  }
                />
              </span>
            </th>
            <th
              aria-sort="none"
              className="DataTable__th"
              onClick={[Function]}
              style={
                Object {
                  "width": "10px",
                }
              }
            >
              <span>
                SOURCE
                <SvgIcon
                  className="DataTable__sort"
                  icon={
                    Object {
                      "icon": Array [],
                      "iconName": "sort",
                      "prefix": "fas",
                    }
                  }
                />
              </span>
            </th>
            <th
              aria-sort={null}
              className="DataTable__th"
              onClick={null}
              style={
                Object {
                  "width": "10px",
                }
              }
            >
              <span>
                SITE
              </span>
            </th>
          </tr>
        </thead>
        <tbody />
      </table>
      <div
        className="DataTable__loadingSpinner"
        id="testnextSpinner"
      >
        <Spinner
          size="large"
        />
      </div>
    </React.Fragment>
  </div>
</div>
`;

exports[`DataTable rendering renders next spinner when isFetchingNextDataPage is true 1`] = `
<div
  className="DataTable"
  id="test"
>
  <div
    className="DataTable__header"
    id="test-tableHeader"
  >
    <table
      className="DataTable__table"
    >
      <thead>
        <tr>
          <th
            aria-sort="none"
            className="DataTable__th"
            onClick={[Function]}
            style={
              Object {
                "width": "10px",
              }
            }
          >
            <span>
              TIME
              <SvgIcon
                className="DataTable__sort"
                icon={
                  Object {
                    "icon": Array [],
                    "iconName": "sort",
                    "prefix": "fas",
                  }
                }
              />
            </span>
          </th>
          <th
            aria-sort="none"
            className="DataTable__th"
            onClick={[Function]}
            style={
              Object {
                "width": "10px",
              }
            }
          >
            <span>
              SOURCE
              <SvgIcon
                className="DataTable__sort"
                icon={
                  Object {
                    "icon": Array [],
                    "iconName": "sort",
                    "prefix": "fas",
                  }
                }
              />
            </span>
          </th>
          <th
            aria-sort={null}
            className="DataTable__th"
            onClick={null}
            style={
              Object {
                "width": "10px",
              }
            }
          >
            <span>
              SITE
            </span>
          </th>
        </tr>
      </thead>
    </table>
  </div>
  <div
    className="DataTable__body"
    id="test-tableBody"
    tabIndex="-1"
  >
    <React.Fragment>
      <table
        aria-activedescendant={null}
        className="DataTable__table"
        id="test-table"
        onBlur={[Function]}
        onClick={null}
        onFocus={[Function]}
        onKeyDown={[Function]}
        onKeyUp={null}
        onMouseOut={[Function]}
        onMouseOver={[Function]}
        role="grid"
        tabIndex="0"
      >
        <thead
          className="DataTable__printHeader"
        >
          <tr>
            <th
              aria-sort="none"
              className="DataTable__th"
              onClick={[Function]}
              style={
                Object {
                  "width": "10px",
                }
              }
            >
              <span>
                TIME
                <SvgIcon
                  className="DataTable__sort"
                  icon={
                    Object {
                      "icon": Array [],
                      "iconName": "sort",
                      "prefix": "fas",
                    }
                  }
                />
              </span>
            </th>
            <th
              aria-sort="none"
              className="DataTable__th"
              onClick={[Function]}
              style={
                Object {
                  "width": "10px",
                }
              }
            >
              <span>
                SOURCE
                <SvgIcon
                  className="DataTable__sort"
                  icon={
                    Object {
                      "icon": Array [],
                      "iconName": "sort",
                      "prefix": "fas",
                    }
                  }
                />
              </span>
            </th>
            <th
              aria-sort={null}
              className="DataTable__th"
              onClick={null}
              style={
                Object {
                  "width": "10px",
                }
              }
            >
              <span>
                SITE
              </span>
            </th>
          </tr>
        </thead>
        <tbody>
          <tr
            aria-selected={false}
            className="DataTable__row"
            data-index={0}
            id="r0"
          >
            <td
              className="DataTable__td"
              style={
                Object {
                  "width": "10px",
                }
              }
              title=""
            >
              2
            </td>
            <td
              className="DataTable__td"
              style={
                Object {
                  "width": "10px",
                }
              }
              title=""
            >
              a1
            </td>
            <td
              className="DataTable__td TestClass0"
              style={
                Object {
                  "width": "10px",
                }
              }
              title="site4"
            >
              site4
            </td>
          </tr>
          <tr
            aria-selected={false}
            className="DataTable__row"
            data-index={1}
            id="r1"
          >
            <td
              className="DataTable__td"
              style={
                Object {
                  "width": "10px",
                }
              }
              title=""
            >
              1
            </td>
            <td
              className="DataTable__td"
              style={
                Object {
                  "width": "10px",
                }
              }
              title=""
            >
              a10
            </td>
            <td
              className="DataTable__td TestClass1"
              style={
                Object {
                  "width": "10px",
                }
              }
              title="site3"
            >
              site3
            </td>
          </tr>
          <tr
            aria-selected={false}
            className="DataTable__row"
            data-index={2}
            id="r2"
          >
            <td
              className="DataTable__td"
              style={
                Object {
                  "width": "10px",
                }
              }
              title=""
            >
              1
            </td>
            <td
              className="DataTable__td"
              style={
                Object {
                  "width": "10px",
                }
              }
              title=""
            >
              b10
            </td>
            <td
              className="DataTable__td TestClass2"
              style={
                Object {
                  "width": "10px",
                }
              }
              title="site5"
            >
              site5
            </td>
          </tr>
          <tr
            aria-selected={false}
            className="DataTable__row"
            data-index={3}
            id="r3"
          >
            <td
              className="DataTable__td"
              style={
                Object {
                  "width": "10px",
                }
              }
              title=""
            >
              4
            </td>
            <td
              className="DataTable__td"
              style={
                Object {
                  "width": "10px",
                }
              }
              title=""
            >
              a1
            </td>
            <td
              className="DataTable__td TestClass3"
              style={
                Object {
                  "width": "10px",
                }
              }
              title="site2"
            >
              site2
            </td>
          </tr>
          <tr
            aria-selected={false}
            className="DataTable__row"
            data-index={4}
            id="r4"
          >
            <td
              className="DataTable__td"
              style={
                Object {
                  "width": "10px",
                }
              }
              title=""
            >
              3
            </td>
            <td
              className="DataTable__td"
              style={
                Object {
                  "width": "10px",
                }
              }
              title=""
            >
              A1
            </td>
            <td
              className="DataTable__td TestClass4"
              style={
                Object {
                  "width": "10px",
                }
              }
              title="site1"
            >
              site1
            </td>
          </tr>
        </tbody>
      </table>
      <div
        className="DataTable__spinner"
        id="testnextSpinner"
      >
        <Spinner
          size="tiny"
        />
      </div>
    </React.Fragment>
  </div>
</div>
`;

exports[`DataTable rendering renders previous spinner when isFetchingPrevDataPage is true 1`] = `
<div
  className="DataTable"
  id="test"
>
  <div
    className="DataTable__header"
    id="test-tableHeader"
  >
    <table
      className="DataTable__table"
    >
      <thead>
        <tr>
          <th
            aria-sort="none"
            className="DataTable__th"
            onClick={[Function]}
            style={
              Object {
                "width": "10px",
              }
            }
          >
            <span>
              TIME
              <SvgIcon
                className="DataTable__sort"
                icon={
                  Object {
                    "icon": Array [],
                    "iconName": "sort",
                    "prefix": "fas",
                  }
                }
              />
            </span>
          </th>
          <th
            aria-sort="none"
            className="DataTable__th"
            onClick={[Function]}
            style={
              Object {
                "width": "10px",
              }
            }
          >
            <span>
              SOURCE
              <SvgIcon
                className="DataTable__sort"
                icon={
                  Object {
                    "icon": Array [],
                    "iconName": "sort",
                    "prefix": "fas",
                  }
                }
              />
            </span>
          </th>
          <th
            aria-sort={null}
            className="DataTable__th"
            onClick={null}
            style={
              Object {
                "width": "10px",
              }
            }
          >
            <span>
              SITE
            </span>
          </th>
        </tr>
      </thead>
    </table>
  </div>
  <div
    className="DataTable__body"
    id="test-tableBody"
    tabIndex="-1"
  >
    <React.Fragment>
      <div
        className="DataTable__spinner"
        id="test-prevSpinner"
      >
        <Spinner
          size="tiny"
        />
      </div>
      <table
        aria-activedescendant={null}
        className="DataTable__table"
        id="test-table"
        onBlur={[Function]}
        onClick={null}
        onFocus={[Function]}
        onKeyDown={[Function]}
        onKeyUp={null}
        onMouseOut={[Function]}
        onMouseOver={[Function]}
        role="grid"
        tabIndex="0"
      >
        <thead
          className="DataTable__printHeader"
        >
          <tr>
            <th
              aria-sort="none"
              className="DataTable__th"
              onClick={[Function]}
              style={
                Object {
                  "width": "10px",
                }
              }
            >
              <span>
                TIME
                <SvgIcon
                  className="DataTable__sort"
                  icon={
                    Object {
                      "icon": Array [],
                      "iconName": "sort",
                      "prefix": "fas",
                    }
                  }
                />
              </span>
            </th>
            <th
              aria-sort="none"
              className="DataTable__th"
              onClick={[Function]}
              style={
                Object {
                  "width": "10px",
                }
              }
            >
              <span>
                SOURCE
                <SvgIcon
                  className="DataTable__sort"
                  icon={
                    Object {
                      "icon": Array [],
                      "iconName": "sort",
                      "prefix": "fas",
                    }
                  }
                />
              </span>
            </th>
            <th
              aria-sort={null}
              className="DataTable__th"
              onClick={null}
              style={
                Object {
                  "width": "10px",
                }
              }
            >
              <span>
                SITE
              </span>
            </th>
          </tr>
        </thead>
        <tbody>
          <tr
            aria-selected={false}
            className="DataTable__row"
            data-index={0}
            id="r0"
          >
            <td
              className="DataTable__td"
              style={
                Object {
                  "width": "10px",
                }
              }
              title=""
            >
              2
            </td>
            <td
              className="DataTable__td"
              style={
                Object {
                  "width": "10px",
                }
              }
              title=""
            >
              a1
            </td>
            <td
              className="DataTable__td TestClass0"
              style={
                Object {
                  "width": "10px",
                }
              }
              title="site4"
            >
              site4
            </td>
          </tr>
          <tr
            aria-selected={false}
            className="DataTable__row"
            data-index={1}
            id="r1"
          >
            <td
              className="DataTable__td"
              style={
                Object {
                  "width": "10px",
                }
              }
              title=""
            >
              1
            </td>
            <td
              className="DataTable__td"
              style={
                Object {
                  "width": "10px",
                }
              }
              title=""
            >
              a10
            </td>
            <td
              className="DataTable__td TestClass1"
              style={
                Object {
                  "width": "10px",
                }
              }
              title="site3"
            >
              site3
            </td>
          </tr>
          <tr
            aria-selected={false}
            className="DataTable__row"
            data-index={2}
            id="r2"
          >
            <td
              className="DataTable__td"
              style={
                Object {
                  "width": "10px",
                }
              }
              title=""
            >
              1
            </td>
            <td
              className="DataTable__td"
              style={
                Object {
                  "width": "10px",
                }
              }
              title=""
            >
              b10
            </td>
            <td
              className="DataTable__td TestClass2"
              style={
                Object {
                  "width": "10px",
                }
              }
              title="site5"
            >
              site5
            </td>
          </tr>
          <tr
            aria-selected={false}
            className="DataTable__row"
            data-index={3}
            id="r3"
          >
            <td
              className="DataTable__td"
              style={
                Object {
                  "width": "10px",
                }
              }
              title=""
            >
              4
            </td>
            <td
              className="DataTable__td"
              style={
                Object {
                  "width": "10px",
                }
              }
              title=""
            >
              a1
            </td>
            <td
              className="DataTable__td TestClass3"
              style={
                Object {
                  "width": "10px",
                }
              }
              title="site2"
            >
              site2
            </td>
          </tr>
          <tr
            aria-selected={false}
            className="DataTable__row"
            data-index={4}
            id="r4"
          >
            <td
              className="DataTable__td"
              style={
                Object {
                  "width": "10px",
                }
              }
              title=""
            >
              3
            </td>
            <td
              className="DataTable__td"
              style={
                Object {
                  "width": "10px",
                }
              }
              title=""
            >
              A1
            </td>
            <td
              className="DataTable__td TestClass4"
              style={
                Object {
                  "width": "10px",
                }
              }
              title="site1"
            >
              site1
            </td>
          </tr>
        </tbody>
      </table>
    </React.Fragment>
  </div>
</div>
`;

exports[`DataTable rendering renders selected row 1`] = `
<div
  className="DataTable"
  id="test"
>
  <div
    className="DataTable__header"
    id="test-tableHeader"
  >
    <table
      className="DataTable__table"
    >
      <thead>
        <tr>
          <th
            aria-sort="none"
            className="DataTable__th"
            onClick={[Function]}
            style={
              Object {
                "width": "10px",
              }
            }
          >
            <span>
              TIME
              <SvgIcon
                className="DataTable__sort"
                icon={
                  Object {
                    "icon": Array [],
                    "iconName": "sort",
                    "prefix": "fas",
                  }
                }
              />
            </span>
          </th>
          <th
            aria-sort="none"
            className="DataTable__th"
            onClick={[Function]}
            style={
              Object {
                "width": "10px",
              }
            }
          >
            <span>
              SOURCE
              <SvgIcon
                className="DataTable__sort"
                icon={
                  Object {
                    "icon": Array [],
                    "iconName": "sort",
                    "prefix": "fas",
                  }
                }
              />
            </span>
          </th>
          <th
            aria-sort={null}
            className="DataTable__th"
            onClick={null}
            style={
              Object {
                "width": "10px",
              }
            }
          >
            <span>
              SITE
            </span>
          </th>
        </tr>
      </thead>
    </table>
  </div>
  <div
    className="DataTable__body"
    id="test-tableBody"
    tabIndex="-1"
  >
    <React.Fragment>
      <table
        aria-activedescendant={null}
        className="DataTable__table"
        id="test-table"
        onBlur={[Function]}
        onClick={null}
        onFocus={[Function]}
        onKeyDown={[Function]}
        onKeyUp={null}
        onMouseOut={[Function]}
        onMouseOver={[Function]}
        role="grid"
        tabIndex="0"
      >
        <thead
          className="DataTable__printHeader"
        >
          <tr>
            <th
              aria-sort="none"
              className="DataTable__th"
              onClick={[Function]}
              style={
                Object {
                  "width": "10px",
                }
              }
            >
              <span>
                TIME
                <SvgIcon
                  className="DataTable__sort"
                  icon={
                    Object {
                      "icon": Array [],
                      "iconName": "sort",
                      "prefix": "fas",
                    }
                  }
                />
              </span>
            </th>
            <th
              aria-sort="none"
              className="DataTable__th"
              onClick={[Function]}
              style={
                Object {
                  "width": "10px",
                }
              }
            >
              <span>
                SOURCE
                <SvgIcon
                  className="DataTable__sort"
                  icon={
                    Object {
                      "icon": Array [],
                      "iconName": "sort",
                      "prefix": "fas",
                    }
                  }
                />
              </span>
            </th>
            <th
              aria-sort={null}
              className="DataTable__th"
              onClick={null}
              style={
                Object {
                  "width": "10px",
                }
              }
            >
              <span>
                SITE
              </span>
            </th>
          </tr>
        </thead>
        <tbody>
          <tr
            aria-selected={true}
            className="DataTable__row"
            data-index={0}
            id="id"
          >
            <td
              className="DataTable__td"
              style={
                Object {
                  "width": "10px",
                }
              }
              title=""
            >
              10
            </td>
            <td
              className="DataTable__td"
              style={
                Object {
                  "width": "10px",
                }
              }
              title=""
            >
              a4
            </td>
            <td
              className="DataTable__td TestClass0"
              style={
                Object {
                  "width": "10px",
                }
              }
              title="site"
            >
              site
            </td>
          </tr>
        </tbody>
      </table>
    </React.Fragment>
  </div>
</div>
`;

exports[`DataTable rendering renders the expected elements if the data is empty 1`] = `
<div
  className="DataTable"
  id="test"
>
  <div
    className="DataTable__header"
    id="test-tableHeader"
  >
    <table
      className="DataTable__table"
    >
      <thead>
        <tr>
          <th
            aria-sort="none"
            className="DataTable__th"
            onClick={[Function]}
            style={
              Object {
                "width": "10px",
              }
            }
          >
            <span>
              TIME
              <SvgIcon
                className="DataTable__sort"
                icon={
                  Object {
                    "icon": Array [],
                    "iconName": "sort",
                    "prefix": "fas",
                  }
                }
              />
            </span>
          </th>
          <th
            aria-sort="none"
            className="DataTable__th"
            onClick={[Function]}
            style={
              Object {
                "width": "10px",
              }
            }
          >
            <span>
              SOURCE
              <SvgIcon
                className="DataTable__sort"
                icon={
                  Object {
                    "icon": Array [],
                    "iconName": "sort",
                    "prefix": "fas",
                  }
                }
              />
            </span>
          </th>
          <th
            aria-sort={null}
            className="DataTable__th"
            onClick={null}
            style={
              Object {
                "width": "10px",
              }
            }
          >
            <span>
              SITE
            </span>
          </th>
        </tr>
      </thead>
    </table>
  </div>
  <div
    className="DataTable__body"
    id="test-tableBody"
    tabIndex="-1"
  >
    <div
      className="DataTable__message"
      id="test-tableMessage"
    >
      Empty text
    </div>
  </div>
</div>
`;

exports[`DataTable rendering renders the expected elements if there is data 1`] = `
<div
  className="DataTable TestClass"
  id="test"
>
  <div
    className="DataTable__header"
    id="test-tableHeader"
  >
    <table
      className="DataTable__table"
    >
      <thead>
        <tr>
          <th
            aria-sort="ascending"
            className="DataTable__th"
            onClick={[Function]}
            style={
              Object {
                "width": "10px",
              }
            }
          >
            <span>
              TIME
              <SvgIcon
                className="DataTable__sort DataTable__sort--active"
                icon={
                  Object {
                    "icon": Array [],
                    "iconName": "sort-down",
                    "prefix": "fas",
                  }
                }
              />
            </span>
          </th>
          <th
            aria-sort="none"
            className="DataTable__th"
            onClick={[Function]}
            style={
              Object {
                "width": "10px",
              }
            }
          >
            <span>
              SOURCE
              <SvgIcon
                className="DataTable__sort"
                icon={
                  Object {
                    "icon": Array [],
                    "iconName": "sort",
                    "prefix": "fas",
                  }
                }
              />
            </span>
          </th>
          <th
            aria-sort={null}
            className="DataTable__th"
            onClick={null}
            style={
              Object {
                "width": "10px",
              }
            }
          >
            <span>
              SITE
            </span>
          </th>
        </tr>
      </thead>
    </table>
  </div>
  <div
    className="DataTable__body"
    id="test-tableBody"
    tabIndex="-1"
  >
    <React.Fragment>
      <table
        aria-activedescendant={null}
        className="DataTable__table"
        id="test-table"
        onBlur={[Function]}
        onClick={null}
        onFocus={[Function]}
        onKeyDown={[Function]}
        onKeyUp={null}
        onMouseOut={[Function]}
        onMouseOver={[Function]}
        role="grid"
        tabIndex="0"
      >
        <thead
          className="DataTable__printHeader"
        >
          <tr>
            <th
              aria-sort="ascending"
              className="DataTable__th"
              onClick={[Function]}
              style={
                Object {
                  "width": "10px",
                }
              }
            >
              <span>
                TIME
                <SvgIcon
                  className="DataTable__sort DataTable__sort--active"
                  icon={
                    Object {
                      "icon": Array [],
                      "iconName": "sort-down",
                      "prefix": "fas",
                    }
                  }
                />
              </span>
            </th>
            <th
              aria-sort="none"
              className="DataTable__th"
              onClick={[Function]}
              style={
                Object {
                  "width": "10px",
                }
              }
            >
              <span>
                SOURCE
                <SvgIcon
                  className="DataTable__sort"
                  icon={
                    Object {
                      "icon": Array [],
                      "iconName": "sort",
                      "prefix": "fas",
                    }
                  }
                />
              </span>
            </th>
            <th
              aria-sort={null}
              className="DataTable__th"
              onClick={null}
              style={
                Object {
                  "width": "10px",
                }
              }
            >
              <span>
                SITE
              </span>
            </th>
          </tr>
        </thead>
        <tbody>
          <tr
            aria-selected={false}
            className="DataTable__row"
            data-index={0}
            id="r1"
          >
            <td
              className="DataTable__td"
              style={
                Object {
                  "width": "10px",
                }
              }
              title=""
            >
              1
            </td>
            <td
              className="DataTable__td"
              style={
                Object {
                  "width": "10px",
                }
              }
              title=""
            >
              a10
            </td>
            <td
              className="DataTable__td TestClass0"
              style={
                Object {
                  "width": "10px",
                }
              }
              title="site3"
            >
              site3
            </td>
          </tr>
          <tr
            aria-selected={false}
            className="DataTable__row"
            data-index={1}
            id="r2"
          >
            <td
              className="DataTable__td"
              style={
                Object {
                  "width": "10px",
                }
              }
              title=""
            >
              1
            </td>
            <td
              className="DataTable__td"
              style={
                Object {
                  "width": "10px",
                }
              }
              title=""
            >
              b10
            </td>
            <td
              className="DataTable__td TestClass1"
              style={
                Object {
                  "width": "10px",
                }
              }
              title="site5"
            >
              site5
            </td>
          </tr>
          <tr
            aria-selected={false}
            className="DataTable__row"
            data-index={2}
            id="r0"
          >
            <td
              className="DataTable__td"
              style={
                Object {
                  "width": "10px",
                }
              }
              title=""
            >
              2
            </td>
            <td
              className="DataTable__td"
              style={
                Object {
                  "width": "10px",
                }
              }
              title=""
            >
              a1
            </td>
            <td
              className="DataTable__td TestClass2"
              style={
                Object {
                  "width": "10px",
                }
              }
              title="site4"
            >
              site4
            </td>
          </tr>
          <tr
            aria-selected={false}
            className="DataTable__row"
            data-index={3}
            id="r4"
          >
            <td
              className="DataTable__td"
              style={
                Object {
                  "width": "10px",
                }
              }
              title=""
            >
              3
            </td>
            <td
              className="DataTable__td"
              style={
                Object {
                  "width": "10px",
                }
              }
              title=""
            >
              A1
            </td>
            <td
              className="DataTable__td TestClass3"
              style={
                Object {
                  "width": "10px",
                }
              }
              title="site1"
            >
              site1
            </td>
          </tr>
          <tr
            aria-selected={false}
            className="DataTable__row"
            data-index={4}
            id="r3"
          >
            <td
              className="DataTable__td"
              style={
                Object {
                  "width": "10px",
                }
              }
              title=""
            >
              4
            </td>
            <td
              className="DataTable__td"
              style={
                Object {
                  "width": "10px",
                }
              }
              title=""
            >
              a1
            </td>
            <td
              className="DataTable__td TestClass4"
              style={
                Object {
                  "width": "10px",
                }
              }
              title="site2"
            >
              site2
            </td>
          </tr>
        </tbody>
      </table>
    </React.Fragment>
  </div>
</div>
`;

exports[`DataTable rendering renders the expected elements in descending order 1`] = `
<div
  className="DataTable"
  id="test"
>
  <div
    className="DataTable__header"
    id="test-tableHeader"
  >
    <table
      className="DataTable__table"
    >
      <thead>
        <tr>
          <th
            aria-sort="descending"
            className="DataTable__th"
            onClick={[Function]}
            style={
              Object {
                "width": "10px",
              }
            }
          >
            <span>
              TIME
              <SvgIcon
                className="DataTable__sort DataTable__sort--active"
                icon={
                  Object {
                    "icon": Array [],
                    "iconName": "sort-up",
                    "prefix": "fas",
                  }
                }
              />
            </span>
          </th>
          <th
            aria-sort="none"
            className="DataTable__th"
            onClick={[Function]}
            style={
              Object {
                "width": "10px",
              }
            }
          >
            <span>
              SOURCE
              <SvgIcon
                className="DataTable__sort"
                icon={
                  Object {
                    "icon": Array [],
                    "iconName": "sort",
                    "prefix": "fas",
                  }
                }
              />
            </span>
          </th>
          <th
            aria-sort={null}
            className="DataTable__th"
            onClick={null}
            style={
              Object {
                "width": "10px",
              }
            }
          >
            <span>
              SITE
            </span>
          </th>
        </tr>
      </thead>
    </table>
  </div>
  <div
    className="DataTable__body"
    id="test-tableBody"
    tabIndex="-1"
  >
    <React.Fragment>
      <table
        aria-activedescendant={null}
        className="DataTable__table"
        id="test-table"
        onBlur={[Function]}
        onClick={null}
        onFocus={[Function]}
        onKeyDown={[Function]}
        onKeyUp={null}
        onMouseOut={[Function]}
        onMouseOver={[Function]}
        role="grid"
        tabIndex="0"
      >
        <thead
          className="DataTable__printHeader"
        >
          <tr>
            <th
              aria-sort="descending"
              className="DataTable__th"
              onClick={[Function]}
              style={
                Object {
                  "width": "10px",
                }
              }
            >
              <span>
                TIME
                <SvgIcon
                  className="DataTable__sort DataTable__sort--active"
                  icon={
                    Object {
                      "icon": Array [],
                      "iconName": "sort-up",
                      "prefix": "fas",
                    }
                  }
                />
              </span>
            </th>
            <th
              aria-sort="none"
              className="DataTable__th"
              onClick={[Function]}
              style={
                Object {
                  "width": "10px",
                }
              }
            >
              <span>
                SOURCE
                <SvgIcon
                  className="DataTable__sort"
                  icon={
                    Object {
                      "icon": Array [],
                      "iconName": "sort",
                      "prefix": "fas",
                    }
                  }
                />
              </span>
            </th>
            <th
              aria-sort={null}
              className="DataTable__th"
              onClick={null}
              style={
                Object {
                  "width": "10px",
                }
              }
            >
              <span>
                SITE
              </span>
            </th>
          </tr>
        </thead>
        <tbody>
          <tr
            aria-selected={false}
            className="DataTable__row"
            data-index={0}
            id="r3"
          >
            <td
              className="DataTable__td"
              style={
                Object {
                  "width": "10px",
                }
              }
              title=""
            >
              4
            </td>
            <td
              className="DataTable__td"
              style={
                Object {
                  "width": "10px",
                }
              }
              title=""
            >
              a1
            </td>
            <td
              className="DataTable__td TestClass0"
              style={
                Object {
                  "width": "10px",
                }
              }
              title="site2"
            >
              site2
            </td>
          </tr>
          <tr
            aria-selected={false}
            className="DataTable__row"
            data-index={1}
            id="r4"
          >
            <td
              className="DataTable__td"
              style={
                Object {
                  "width": "10px",
                }
              }
              title=""
            >
              3
            </td>
            <td
              className="DataTable__td"
              style={
                Object {
                  "width": "10px",
                }
              }
              title=""
            >
              A1
            </td>
            <td
              className="DataTable__td TestClass1"
              style={
                Object {
                  "width": "10px",
                }
              }
              title="site1"
            >
              site1
            </td>
          </tr>
          <tr
            aria-selected={false}
            className="DataTable__row"
            data-index={2}
            id="r0"
          >
            <td
              className="DataTable__td"
              style={
                Object {
                  "width": "10px",
                }
              }
              title=""
            >
              2
            </td>
            <td
              className="DataTable__td"
              style={
                Object {
                  "width": "10px",
                }
              }
              title=""
            >
              a1
            </td>
            <td
              className="DataTable__td TestClass2"
              style={
                Object {
                  "width": "10px",
                }
              }
              title="site4"
            >
              site4
            </td>
          </tr>
          <tr
            aria-selected={false}
            className="DataTable__row"
            data-index={3}
            id="r1"
          >
            <td
              className="DataTable__td"
              style={
                Object {
                  "width": "10px",
                }
              }
              title=""
            >
              1
            </td>
            <td
              className="DataTable__td"
              style={
                Object {
                  "width": "10px",
                }
              }
              title=""
            >
              a10
            </td>
            <td
              className="DataTable__td TestClass3"
              style={
                Object {
                  "width": "10px",
                }
              }
              title="site3"
            >
              site3
            </td>
          </tr>
          <tr
            aria-selected={false}
            className="DataTable__row"
            data-index={4}
            id="r2"
          >
            <td
              className="DataTable__td"
              style={
                Object {
                  "width": "10px",
                }
              }
              title=""
            >
              1
            </td>
            <td
              className="DataTable__td"
              style={
                Object {
                  "width": "10px",
                }
              }
              title=""
            >
              b10
            </td>
            <td
              className="DataTable__td TestClass4"
              style={
                Object {
                  "width": "10px",
                }
              }
              title="site5"
            >
              site5
            </td>
          </tr>
        </tbody>
      </table>
    </React.Fragment>
  </div>
</div>
`;

exports[`DataTable rendering renders the expected elements using a secondary key 1`] = `
<div
  className="DataTable"
  id="test"
>
  <div
    className="DataTable__header"
    id="test-tableHeader"
  >
    <table
      className="DataTable__table"
    >
      <thead>
        <tr>
          <th
            aria-sort="none"
            className="DataTable__th"
            onClick={[Function]}
            style={
              Object {
                "width": "10px",
              }
            }
          >
            <span>
              TIME
              <SvgIcon
                className="DataTable__sort"
                icon={
                  Object {
                    "icon": Array [],
                    "iconName": "sort",
                    "prefix": "fas",
                  }
                }
              />
            </span>
          </th>
          <th
            aria-sort="ascending"
            className="DataTable__th"
            onClick={[Function]}
            style={
              Object {
                "width": "10px",
              }
            }
          >
            <span>
              SOURCE
              <SvgIcon
                className="DataTable__sort DataTable__sort--active"
                icon={
                  Object {
                    "icon": Array [],
                    "iconName": "sort-down",
                    "prefix": "fas",
                  }
                }
              />
            </span>
          </th>
          <th
            aria-sort={null}
            className="DataTable__th"
            onClick={null}
            style={
              Object {
                "width": "10px",
              }
            }
          >
            <span>
              SITE
            </span>
          </th>
        </tr>
      </thead>
    </table>
  </div>
  <div
    className="DataTable__body"
    id="test-tableBody"
    tabIndex="-1"
  >
    <React.Fragment>
      <table
        aria-activedescendant={null}
        className="DataTable__table"
        id="test-table"
        onBlur={[Function]}
        onClick={null}
        onFocus={[Function]}
        onKeyDown={[Function]}
        onKeyUp={null}
        onMouseOut={[Function]}
        onMouseOver={[Function]}
        role="grid"
        tabIndex="0"
      >
        <thead
          className="DataTable__printHeader"
        >
          <tr>
            <th
              aria-sort="none"
              className="DataTable__th"
              onClick={[Function]}
              style={
                Object {
                  "width": "10px",
                }
              }
            >
              <span>
                TIME
                <SvgIcon
                  className="DataTable__sort"
                  icon={
                    Object {
                      "icon": Array [],
                      "iconName": "sort",
                      "prefix": "fas",
                    }
                  }
                />
              </span>
            </th>
            <th
              aria-sort="ascending"
              className="DataTable__th"
              onClick={[Function]}
              style={
                Object {
                  "width": "10px",
                }
              }
            >
              <span>
                SOURCE
                <SvgIcon
                  className="DataTable__sort DataTable__sort--active"
                  icon={
                    Object {
                      "icon": Array [],
                      "iconName": "sort-down",
                      "prefix": "fas",
                    }
                  }
                />
              </span>
            </th>
            <th
              aria-sort={null}
              className="DataTable__th"
              onClick={null}
              style={
                Object {
                  "width": "10px",
                }
              }
            >
              <span>
                SITE
              </span>
            </th>
          </tr>
        </thead>
        <tbody>
          <tr
            aria-selected={false}
            className="DataTable__row"
            data-index={0}
            id="r0"
          >
            <td
              className="DataTable__td"
              style={
                Object {
                  "width": "10px",
                }
              }
              title=""
            >
              2
            </td>
            <td
              className="DataTable__td"
              style={
                Object {
                  "width": "10px",
                }
              }
              title=""
            >
              a1
            </td>
            <td
              className="DataTable__td TestClass0"
              style={
                Object {
                  "width": "10px",
                }
              }
              title="site4"
            >
              site4
            </td>
          </tr>
          <tr
            aria-selected={false}
            className="DataTable__row"
            data-index={1}
            id="r4"
          >
            <td
              className="DataTable__td"
              style={
                Object {
                  "width": "10px",
                }
              }
              title=""
            >
              3
            </td>
            <td
              className="DataTable__td"
              style={
                Object {
                  "width": "10px",
                }
              }
              title=""
            >
              A1
            </td>
            <td
              className="DataTable__td TestClass1"
              style={
                Object {
                  "width": "10px",
                }
              }
              title="site1"
            >
              site1
            </td>
          </tr>
          <tr
            aria-selected={false}
            className="DataTable__row"
            data-index={2}
            id="r3"
          >
            <td
              className="DataTable__td"
              style={
                Object {
                  "width": "10px",
                }
              }
              title=""
            >
              4
            </td>
            <td
              className="DataTable__td"
              style={
                Object {
                  "width": "10px",
                }
              }
              title=""
            >
              a1
            </td>
            <td
              className="DataTable__td TestClass2"
              style={
                Object {
                  "width": "10px",
                }
              }
              title="site2"
            >
              site2
            </td>
          </tr>
          <tr
            aria-selected={false}
            className="DataTable__row"
            data-index={3}
            id="r1"
          >
            <td
              className="DataTable__td"
              style={
                Object {
                  "width": "10px",
                }
              }
              title=""
            >
              1
            </td>
            <td
              className="DataTable__td"
              style={
                Object {
                  "width": "10px",
                }
              }
              title=""
            >
              a10
            </td>
            <td
              className="DataTable__td TestClass3"
              style={
                Object {
                  "width": "10px",
                }
              }
              title="site3"
            >
              site3
            </td>
          </tr>
          <tr
            aria-selected={false}
            className="DataTable__row"
            data-index={4}
            id="r2"
          >
            <td
              className="DataTable__td"
              style={
                Object {
                  "width": "10px",
                }
              }
              title=""
            >
              1
            </td>
            <td
              className="DataTable__td"
              style={
                Object {
                  "width": "10px",
                }
              }
              title=""
            >
              b10
            </td>
            <td
              className="DataTable__td TestClass4"
              style={
                Object {
                  "width": "10px",
                }
              }
              title="site5"
            >
              site5
            </td>
          </tr>
        </tbody>
      </table>
    </React.Fragment>
  </div>
</div>
`;
