// Jest Snapshot v1, https://goo.gl/fbAQLP

exports[`DetailsTable rendering renders expected elements 1`] = `
<div
  className="DetailsTable TestClass"
>
  <h5>
    Title
  </h5>
  <div
    className="DetailsTable__headRow TestRowClass"
  >
    <div
      className="HeaderClass"
    >
      Foo
    </div>
    <div>
      Bar
    </div>
  </div>
  <div
    className="DetailsTable__row TestRowClass"
  >
    <div
      className="ValueClass"
    >
      test
    </div>
    <div
      title="test"
    >
      test
    </div>
  </div>
</div>
`;
