// Jest Snapshot v1, https://goo.gl/fbAQLP

exports[`ToastMessage rendering does not render button on application error 1`] = `
<div
  className="ToastMessage ToastMessage--fatal"
  data-testid="toast-fatal"
  onClick={[Function]}
  role="alert"
>
  <div
    className="ToastMessage__text"
    data-testid="message"
  >
    This is a test
  </div>
</div>
`;

exports[`ToastMessage rendering renders close button on error 1`] = `
<div
  className="ToastMessage ToastMessage--error"
  data-testid="toast-error"
  onClick={[Function]}
  role="alert"
>
  <div
    className="ToastMessage__text ToastMessage__text--closeable"
    data-testid="message"
  >
    This is a test
  </div>
  <div
    aria-label="Dismiss"
    className="ToastMessage__close"
    data-testid="message-close"
    role="button"
  >
    <SvgIcon
      icon={
        Object {
          "icon": Array [],
          "iconName": "times",
          "prefix": "fas",
        }
      }
    />
  </div>
</div>
`;
