// Jest Snapshot v1, https://goo.gl/fbAQLP

exports[`ToolbarButton rendering renders the expected elements 1`] = `
<IconButton
  aria-label="Test"
  className="TestClass"
  disabled={true}
  icon={Object {}}
  id="test"
  size="medium"
  tooltipPlacement="right"
  tooltipText="This is a test"
  type="primary"
/>
`;
