// Jest Snapshot v1, https://goo.gl/fbAQLP

exports[`setLiveText sets text on a live element 1`] = `
{
  "aria-live": "assertive",
  "className": "assistive-text",
  "id": "liveText",
  "textContent": "Test1",
}
`;

exports[`setLiveText sets text on a live element when the element already exists 1`] = `
{
  "textContent": "Test2",
}
`;
